Archive member included to satisfy reference by file (symbol)

C:/ST/STM32CubeIDE_1.18.0/STM32CubeIDE/plugins/com.st.stm32cube.ide.mcu.externaltools.gnu-tools-for-stm32.13.3.rel1.win32_1.0.0.202411081344/tools/bin/../lib/gcc/arm-none-eabi/13.3.1/../../../../arm-none-eabi/lib/thumb/v7e-m+fp/hard\libc_nano.a(libc_a-exit.o)
                              C:/ST/STM32CubeIDE_1.18.0/STM32CubeIDE/plugins/com.st.stm32cube.ide.mcu.externaltools.gnu-tools-for-stm32.13.3.rel1.win32_1.0.0.202411081344/tools/bin/../lib/gcc/arm-none-eabi/13.3.1/../../../../arm-none-eabi/lib/thumb/v7e-m+fp/hard/crt0.o (exit)
C:/ST/STM32CubeIDE_1.18.0/STM32CubeIDE/plugins/com.st.stm32cube.ide.mcu.externaltools.gnu-tools-for-stm32.13.3.rel1.win32_1.0.0.202411081344/tools/bin/../lib/gcc/arm-none-eabi/13.3.1/../../../../arm-none-eabi/lib/thumb/v7e-m+fp/hard\libc_nano.a(libc_a-findfp.o)
                              C:/ST/STM32CubeIDE_1.18.0/STM32CubeIDE/plugins/com.st.stm32cube.ide.mcu.externaltools.gnu-tools-for-stm32.13.3.rel1.win32_1.0.0.202411081344/tools/bin/../lib/gcc/arm-none-eabi/13.3.1/../../../../arm-none-eabi/lib/thumb/v7e-m+fp/hard\libc_nano.a(libc_a-exit.o) (__stdio_exit_handler)
C:/ST/STM32CubeIDE_1.18.0/STM32CubeIDE/plugins/com.st.stm32cube.ide.mcu.externaltools.gnu-tools-for-stm32.13.3.rel1.win32_1.0.0.202411081344/tools/bin/../lib/gcc/arm-none-eabi/13.3.1/../../../../arm-none-eabi/lib/thumb/v7e-m+fp/hard\libc_nano.a(libc_a-fwalk.o)
                              C:/ST/STM32CubeIDE_1.18.0/STM32CubeIDE/plugins/com.st.stm32cube.ide.mcu.externaltools.gnu-tools-for-stm32.13.3.rel1.win32_1.0.0.202411081344/tools/bin/../lib/gcc/arm-none-eabi/13.3.1/../../../../arm-none-eabi/lib/thumb/v7e-m+fp/hard\libc_nano.a(libc_a-findfp.o) (_fwalk_sglue)
C:/ST/STM32CubeIDE_1.18.0/STM32CubeIDE/plugins/com.st.stm32cube.ide.mcu.externaltools.gnu-tools-for-stm32.13.3.rel1.win32_1.0.0.202411081344/tools/bin/../lib/gcc/arm-none-eabi/13.3.1/../../../../arm-none-eabi/lib/thumb/v7e-m+fp/hard\libc_nano.a(libc_a-stdio.o)
                              C:/ST/STM32CubeIDE_1.18.0/STM32CubeIDE/plugins/com.st.stm32cube.ide.mcu.externaltools.gnu-tools-for-stm32.13.3.rel1.win32_1.0.0.202411081344/tools/bin/../lib/gcc/arm-none-eabi/13.3.1/../../../../arm-none-eabi/lib/thumb/v7e-m+fp/hard\libc_nano.a(libc_a-findfp.o) (__sread)
C:/ST/STM32CubeIDE_1.18.0/STM32CubeIDE/plugins/com.st.stm32cube.ide.mcu.externaltools.gnu-tools-for-stm32.13.3.rel1.win32_1.0.0.202411081344/tools/bin/../lib/gcc/arm-none-eabi/13.3.1/../../../../arm-none-eabi/lib/thumb/v7e-m+fp/hard\libc_nano.a(libc_a-memset.o)
                              C:/ST/STM32CubeIDE_1.18.0/STM32CubeIDE/plugins/com.st.stm32cube.ide.mcu.externaltools.gnu-tools-for-stm32.13.3.rel1.win32_1.0.0.202411081344/tools/bin/../lib/gcc/arm-none-eabi/13.3.1/../../../../arm-none-eabi/lib/thumb/v7e-m+fp/hard/crt0.o (memset)
C:/ST/STM32CubeIDE_1.18.0/STM32CubeIDE/plugins/com.st.stm32cube.ide.mcu.externaltools.gnu-tools-for-stm32.13.3.rel1.win32_1.0.0.202411081344/tools/bin/../lib/gcc/arm-none-eabi/13.3.1/../../../../arm-none-eabi/lib/thumb/v7e-m+fp/hard\libc_nano.a(libc_a-closer.o)
                              C:/ST/STM32CubeIDE_1.18.0/STM32CubeIDE/plugins/com.st.stm32cube.ide.mcu.externaltools.gnu-tools-for-stm32.13.3.rel1.win32_1.0.0.202411081344/tools/bin/../lib/gcc/arm-none-eabi/13.3.1/../../../../arm-none-eabi/lib/thumb/v7e-m+fp/hard\libc_nano.a(libc_a-stdio.o) (_close_r)
C:/ST/STM32CubeIDE_1.18.0/STM32CubeIDE/plugins/com.st.stm32cube.ide.mcu.externaltools.gnu-tools-for-stm32.13.3.rel1.win32_1.0.0.202411081344/tools/bin/../lib/gcc/arm-none-eabi/13.3.1/../../../../arm-none-eabi/lib/thumb/v7e-m+fp/hard\libc_nano.a(libc_a-reent.o)
                              C:/ST/STM32CubeIDE_1.18.0/STM32CubeIDE/plugins/com.st.stm32cube.ide.mcu.externaltools.gnu-tools-for-stm32.13.3.rel1.win32_1.0.0.202411081344/tools/bin/../lib/gcc/arm-none-eabi/13.3.1/../../../../arm-none-eabi/lib/thumb/v7e-m+fp/hard\libc_nano.a(libc_a-closer.o) (errno)
C:/ST/STM32CubeIDE_1.18.0/STM32CubeIDE/plugins/com.st.stm32cube.ide.mcu.externaltools.gnu-tools-for-stm32.13.3.rel1.win32_1.0.0.202411081344/tools/bin/../lib/gcc/arm-none-eabi/13.3.1/../../../../arm-none-eabi/lib/thumb/v7e-m+fp/hard\libc_nano.a(libc_a-impure.o)
                              C:/ST/STM32CubeIDE_1.18.0/STM32CubeIDE/plugins/com.st.stm32cube.ide.mcu.externaltools.gnu-tools-for-stm32.13.3.rel1.win32_1.0.0.202411081344/tools/bin/../lib/gcc/arm-none-eabi/13.3.1/../../../../arm-none-eabi/lib/thumb/v7e-m+fp/hard\libc_nano.a(libc_a-reent.o) (_impure_ptr)
C:/ST/STM32CubeIDE_1.18.0/STM32CubeIDE/plugins/com.st.stm32cube.ide.mcu.externaltools.gnu-tools-for-stm32.13.3.rel1.win32_1.0.0.202411081344/tools/bin/../lib/gcc/arm-none-eabi/13.3.1/../../../../arm-none-eabi/lib/thumb/v7e-m+fp/hard\libc_nano.a(libc_a-lseekr.o)
[...]
Memory Configuration

Name             Origin             Length             Attributes
RAM              0x20000000         0x00020000         xrw
FLASH            0x08000000         0x00080000         xr
*default*        0x00000000         0xffffffff

Linker script and memory map

LOAD C:/ST/STM32CubeIDE_1.18.0/STM32CubeIDE/plugins/com.st.stm32cube.ide.mcu.externaltools.gnu-tools-for-stm32.13.3.rel1.win32_1.0.0.202411081344/tools/bin/../lib/gcc/arm-none-eabi/13.3.1/thumb/v7e-m+fp/hard/crti.o
LOAD C:/ST/STM32CubeIDE_1.18.0/STM32CubeIDE/plugins/com.st.stm32cube.ide.mcu.externaltools.gnu-tools-for-stm32.13.3.rel1.win32_1.0.0.202411081344/tools/bin/../lib/gcc/arm-none-eabi/13.3.1/thumb/v7e-m+fp/hard/crtbegin.o
LOAD C:/ST/STM32CubeIDE_1.18.0/STM32CubeIDE/plugins/com.st.stm32cube.ide.mcu.externaltools.gnu-tools-for-stm32.13.3.rel1.win32_1.0.0.202411081344/tools/bin/../lib/gcc/arm-none-eabi/13.3.1/../../../../arm-none-eabi/lib/thumb/v7e-m+fp/hard/crt0.o
LOAD ./Core/Src/stm32f4xx_hal_msp.o
LOAD ./Core/Src/stm32f4xx_it.o
LOAD ./Core/Src/syscalls.o
LOAD ./Core/Src/sysmem.o
LOAD ./Core/Src/system_stm32f4xx.o
LOAD ./Core/Startup/startup_stm32f411retx.o
LOAD ./Drivers/STM32F4xx_HAL_Driver/Src/stm32f4xx_hal.o
LOAD ./Drivers/STM32F4xx_HAL_Driver/Src/stm32f4xx_hal_cortex.o
LOAD ./Drivers/STM32F4xx_HAL_Driver/Src/stm32f4xx_hal_dma.o
LOAD ./Drivers/STM32F4xx_HAL_Driver/Src/stm32f4xx_hal_dma_ex.o
LOAD ./Drivers/STM32F4xx_HAL_Driver/Src/stm32f4xx_hal_exti.o
LOAD ./Drivers/STM32F4xx_HAL_Driver/Src/stm32f4xx_hal_flash.o
LOAD ./Drivers/STM32F4xx_HAL_Driver/Src/stm32f4xx_hal_flash_ex.o
LOAD ./Drivers/STM32F4xx_HAL_Driver/Src/stm32f4xx_hal_flash_ramfunc.o
LOAD ./Drivers/STM32F4xx_HAL_Driver/Src/stm32f4xx_hal_gpio.o
LOAD ./Drivers/STM32F4xx_HAL_Driver/Src/stm32f4xx_hal_pwr.o
LOAD ./Drivers/STM32F4xx_HAL_Driver/Src/stm32f4xx_hal_pwr_ex.o
LOAD ./Drivers/STM32F4xx_HAL_Driver/Src/stm32f4xx_hal_rcc.o
LOAD ./Drivers/STM32F4xx_HAL_Driver/Src/stm32f4xx_hal_rcc_ex.o
LOAD ./Drivers/STM32F4xx_HAL_Driver/Src/stm32f4xx_hal_uart.o
LOAD ./Libraries/ymodem/ymodem.o
LOAD ./Peripheral/gpio/gpio.o
LOAD ./Peripheral/uart/usart.o
LOAD ./main.o
START GROUP
LOAD C:/ST/STM32CubeIDE_1.18.0/STM32CubeIDE/plugins/com.st.stm32cube.ide.mcu.externaltools.gnu-tools-for-stm32.13.3.rel1.win32_1.0.0.202411081344/tools/bin/../lib/gcc/arm-none-eabi/13.3.1/../../../../arm-none-eabi/lib/thumb/v7e-m+fp/hard\libc_nano.a
LOAD C:/ST/STM32CubeIDE_1.18.0/STM32CubeIDE/plugins/com.st.stm32cube.ide.mcu.externaltools.gnu-tools-for-stm32.13.3.rel1.win32_1.0.0.202411081344/tools/bin/../lib/gcc/arm-none-eabi/13.3.1/../../../../arm-none-eabi/lib/thumb/v7e-m+fp/hard\libm.a
END GROUP
START GROUP
LOAD C:/ST/STM32CubeIDE_1.18.0/STM32CubeIDE/plugins/com.st.stm32cube.ide.mcu.externaltools.gnu-tools-for-stm32.13.3.rel1.win32_1.0.0.202411081344/tools/bin/../lib/gcc/arm-none-eabi/13.3.1/thumb/v7e-m+fp/hard\libgcc.a
LOAD C:/ST/STM32CubeIDE_1.18.0/STM32CubeIDE/plugins/com.st.stm32cube.ide.mcu.externaltools.gnu-tools-for-stm32.13.3.rel1.win32_1.0.0.202411081344/tools/bin/../lib/gcc/arm-none-eabi/13.3.1/../../../../arm-none-eabi/lib/thumb/v7e-m+fp/hard\libc_nano.a
END GROUP
START GROUP
LOAD C:/ST/STM32CubeIDE_1.18.0/STM32CubeIDE/plugins/com.st.stm32cube.ide.mcu.externaltools.gnu-tools-for-stm32.13.3.rel1.win32_1.0.0.202411081344/tools/bin/../lib/gcc/arm-none-eabi/13.3.1/thumb/v7e-m+fp/hard\libgcc.a
LOAD C:/ST/STM32CubeIDE_1.18.0/STM32CubeIDE/plugins/com.st.stm32cube.ide.mcu.externaltools.gnu-tools-for-stm32.13.3.rel1.win32_1.0.0.202411081344/tools/bin/../lib/gcc/arm-none-eabi/13.3.1/../../../../arm-none-eabi/lib/thumb/v7e-m+fp/hard\libc_nano.a
LOAD C:/ST/STM32CubeIDE_1.18.0/STM32CubeIDE/plugins/com.st.stm32cube.ide.mcu.externaltools.gnu-tools-for-stm32.13.3.rel1.win32_1.0.0.202411081344/tools/bin/../lib/gcc/arm-none-eabi/13.3.1/../../../../arm-none-eabi/lib/thumb/v7e-m+fp/hard\libnosys.a
END GROUP
START GROUP
LOAD C:/ST/STM32CubeIDE_1.18.0/STM32CubeIDE/plugins/com.st.stm32cube.ide.mcu.externaltools.gnu-tools-for-stm32.13.3.rel1.win32_1.0.0.202411081344/tools/bin/../lib/gcc/arm-none-eabi/13.3.1/thumb/v7e-m+fp/hard\libgcc.a
LOAD C:/ST/STM32CubeIDE_1.18.0/STM32CubeIDE/plugins/com.st.stm32cube.ide.mcu.externaltools.gnu-tools-for-stm32.13.3.rel1.win32_1.0.0.202411081344/tools/bin/../lib/gcc/arm-none-eabi/13.3.1/../../../../arm-none-eabi/lib/thumb/v7e-m+fp/hard\libc_nano.a
LOAD C:/ST/STM32CubeIDE_1.18.0/STM32CubeIDE/plugins/com.st.stm32cube.ide.mcu.externaltools.gnu-tools-for-stm32.13.3.rel1.win32_1.0.0.202411081344/tools/bin/../lib/gcc/arm-none-eabi/13.3.1/../../../../arm-none-eabi/lib/thumb/v7e-m+fp/hard\libnosys.a
END GROUP
LOAD C:/ST/STM32CubeIDE_1.18.0/STM32CubeIDE/plugins/com.st.stm32cube.ide.mcu.externaltools.gnu-tools-for-stm32.13.3.rel1.win32_1.0.0.202411081344/tools/bin/../lib/gcc/arm-none-eabi/13.3.1/thumb/v7e-m+fp/hard/crtend.o
LOAD C:/ST/STM32CubeIDE_1.18.0/STM32CubeIDE/plugins/com.st.stm32cube.ide.mcu.externaltools.gnu-tools-for-stm32.13.3.rel1.win32_1.0.0.202411081344/tools/bin/../lib/gcc/arm-none-eabi/13.3.1/thumb/v7e-m+fp/hard/crtn.o
                0x20020000                        _estack = (ORIGIN (RAM) + LENGTH (RAM))
                0x00000200                        _Min_Heap_Size = 0x200
                0x00000400                        _Min_Stack_Size = 0x400

.isr_vector     0x08000000      0x198
                0x08000000                        . = ALIGN (0x4)
 *(.isr_vector)
 .isr_vector    0x08000000      0x198 ./Core/Startup/startup_stm32f411retx.o
                0x08000000                g_pfnVectors
                0x08000198                        . = ALIGN (0x4)

.text           0x08000198     0x1fec
                0x08000198                        . = ALIGN (0x4)
 *(.text)
 .text          0x08000198       0x40 C:/ST/STM32CubeIDE_1.18.0/STM32CubeIDE/plugins/com.st.stm32cube.ide.mcu.externaltools.gnu-tools-for-stm32.13.3.rel1.win32_1.0.0.202411081344/tools/bin/../lib/gcc/arm-none-eabi/13.3.1/thumb/v7e-m+fp/hard/crtbegin.o
 .text          0x080001d8       0x30 C:/ST/STM32CubeIDE_1.18.0/STM32CubeIDE/plugins/com.st.stm32cube.ide.mcu.externaltools.gnu-tools-for-stm32.13.3.rel1.win32_1.0.0.202411081344/tools/bin/../lib/gcc/arm-none-eabi/13.3.1/thumb/v7e-m+fp/hard\libgcc.a(_aeabi_uldivmod.o)
                0x080001d8                __aeabi_uldivmod
 .text          0x08000208      0x2f8 C:/ST/STM32CubeIDE_1.18.0/STM32CubeIDE/plugins/com.st.stm32cube.ide.mcu.externaltools.gnu-tools-for-stm32.13.3.rel1.win32_1.0.0.202411081344/tools/bin/../lib/gcc/arm-none-eabi/13.3.1/thumb/v7e-m+fp/hard\libgcc.a(_udivmoddi4.o)
                0x08000208                __udivmoddi4
 .text          0x08000500        0x4 C:/ST/STM32CubeIDE_1.18.0/STM32CubeIDE/plugins/com.st.stm32cube.ide.mcu.externaltools.gnu-tools-for-stm32.13.3.rel1.win32_1.0.0.202411081344/tools/bin/../lib/gcc/arm-none-eabi/13.3.1/thumb/v7e-m+fp/hard\libgcc.a(_dvmd_tls.o)
                0x08000500                __aeabi_idiv0
                0x08000500                __aeabi_ldiv0
 *(.text*)
 .text.HAL_MspInit
                0x08000504       0x50 ./Core/Src/stm32f4xx_hal_msp.o
                0x08000504                HAL_MspInit
 .text.NMI_Handler
                0x08000554        0x8 ./Core/Src/stm32f4xx_it.o
                0x08000554                NMI_Handler
 .text.HardFault_Handler
                0x0800055c        0x8 ./Core/Src/stm32f4xx_it.o
                0x0800055c                HardFault_Handler
 .text.MemManage_Handler
                0x08000564        0x8 ./Core/Src/stm32f4xx_it.o
                0x08000564                MemManage_Handler
 .text.BusFault_Handler
                0x0800056c        0x8 ./Core/Src/stm32f4xx_it.o
                0x0800056c                BusFault_Handler
 .text.UsageFault_Handler
                0x08000574        0x8 ./Core/Src/stm32f4xx_it.o
                0x08000574                UsageFault_Handler
 .text.SVC_Handler
                0x0800057c        0xe ./Core/Src/stm32f4xx_it.o
                0x0800057c                SVC_Handler
 .text.DebugMon_Handler
                0x0800058a        0xe ./Core/Src/stm32f4xx_it.o
                0x0800058a                DebugMon_Handler
 .text.PendSV_Handler
                0x08000598        0xe ./Core/Src/stm32f4xx_it.o
                0x08000598                PendSV_Handler
 .text.SysTick_Handler
                0x080005a6        0xc ./Core/Src/stm32f4xx_it.o
                0x080005a6                SysTick_Handler
 *fill*         0x080005b2        0x2 
 .text.SystemInit
                0x080005b4       0x24 ./Core/Src/system_stm32f4xx.o
                0x080005b4                SystemInit
 .text.Reset_Handler
                0x080005d8       0x50 ./Core/Startup/startup_stm32f411retx.o
                0x080005d8                Reset_Handler
 .text.Default_Handler
                0x08000628        0x2 ./Core/Startup/startup_stm32f411retx.o
                0x08000628                RTC_Alarm_IRQHandler
                0x08000628                EXTI2_IRQHandler
                0x08000628                SPI4_IRQHandler
                0x08000628                TIM1_CC_IRQHandler
                0x08000628                DMA2_Stream5_IRQHandler
                0x08000628                DMA1_Stream5_IRQHandler
                0x08000628                PVD_IRQHandler
                0x08000628                SDIO_IRQHandler
                0x08000628                TAMP_STAMP_IRQHandler
                0x08000628                EXTI3_IRQHandler
                0x08000628                TIM1_UP_TIM10_IRQHandler
                0x08000628                I2C3_ER_IRQHandler
                0x08000628                EXTI0_IRQHandler
                0x08000628                I2C2_EV_IRQHandler
                0x08000628                DMA1_Stream2_IRQHandler
                0x08000628                FPU_IRQHandler
                0x08000628                DMA2_Stream2_IRQHandler
                0x08000628                SPI1_IRQHandler
                0x08000628                TIM1_BRK_TIM9_IRQHandler
                0x08000628                DMA2_Stream3_IRQHandler
                0x08000628                USART6_IRQHandler
                0x08000628                DMA2_Stream0_IRQHandler
                0x08000628                TIM4_IRQHandler
                0x08000628                I2C1_EV_IRQHandler
                0x08000628                DMA1_Stream6_IRQHandler
                0x08000628                DMA1_Stream1_IRQHandler
                0x08000628                TIM3_IRQHandler
                0x08000628                RCC_IRQHandler
                0x08000628                Default_Handler
                0x08000628                EXTI15_10_IRQHandler
                0x08000628                ADC_IRQHandler
                0x08000628                DMA1_Stream7_IRQHandler
                0x08000628                SPI5_IRQHandler
                0x08000628                TIM5_IRQHandler
                0x08000628                DMA2_Stream7_IRQHandler
                0x08000628                I2C3_EV_IRQHandler
                0x08000628                EXTI9_5_IRQHandler
                0x08000628                RTC_WKUP_IRQHandler
                0x08000628                SPI2_IRQHandler
                0x08000628                DMA1_Stream0_IRQHandler
                0x08000628                EXTI4_IRQHandler
                0x08000628                WWDG_IRQHandler
                0x08000628                TIM2_IRQHandler
                0x08000628                OTG_FS_WKUP_IRQHandler
                0x08000628                TIM1_TRG_COM_TIM11_IRQHandler
                0x08000628                EXTI1_IRQHandler
                0x08000628                USART2_IRQHandler
                0x08000628                I2C2_ER_IRQHandler
                0x08000628                DMA2_Stream1_IRQHandler
                0x08000628                FLASH_IRQHandler
                0x08000628                DMA2_Stream4_IRQHandler
                0x08000628                USART1_IRQHandler
                0x08000628                OTG_FS_IRQHandler
                0x08000628                SPI3_IRQHandler
                0x08000628                DMA1_Stream4_IRQHandler
                0x08000628                I2C1_ER_IRQHandler
                0x08000628                DMA2_Stream6_IRQHandler
                0x08000628                DMA1_Stream3_IRQHandler
 *fill*         0x0800062a        0x2 
 .text.HAL_Init
                0x0800062c       0x44 ./Drivers/STM32F4xx_HAL_Driver/Src/stm32f4xx_hal.o
                0x0800062c                HAL_Init
 .text.HAL_InitTick
                0x08000670       0x60 ./Drivers/STM32F4xx_HAL_Driver/Src/stm32f4xx_hal.o
                0x08000670                HAL_InitTick
 .text.HAL_IncTick
                0x080006d0       0x28 ./Drivers/STM32F4xx_HAL_Driver/Src/stm32f4xx_hal.o
                0x080006d0                HAL_IncTick
 .text.HAL_GetTick
                0x080006f8       0x18 ./Drivers/STM32F4xx_HAL_Driver/Src/stm32f4xx_hal.o
                0x080006f8                HAL_GetTick
 .text.HAL_Delay
                0x08000710       0x48 ./Drivers/STM32F4xx_HAL_Driver/Src/stm32f4xx_hal.o
                0x08000710                HAL_Delay
 .text.__NVIC_SetPriorityGrouping
                0x08000758       0x48 ./Drivers/STM32F4xx_HAL_Driver/Src/stm32f4xx_hal_cortex.o
 .text.__NVIC_GetPriorityGrouping
                0x080007a0       0x1c ./Drivers/STM32F4xx_HAL_Driver/Src/stm32f4xx_hal_cortex.o
 .text.__NVIC_SetPriority
                0x080007bc       0x54 ./Drivers/STM32F4xx_HAL_Driver/Src/stm32f4xx_hal_cortex.o
 .text.NVIC_EncodePriority
                0x08000810       0x66 ./Drivers/STM32F4xx_HAL_Driver/Src/stm32f4xx_hal_cortex.o
 *fill*         0x08000876        0x2 
 .text.SysTick_Config
                0x08000878       0x44 ./Drivers/STM32F4xx_HAL_Driver/Src/stm32f4xx_hal_cortex.o
 .text.HAL_NVIC_SetPriorityGrouping
                0x080008bc       0x16 ./Drivers/STM32F4xx_HAL_Driver/Src/stm32f4xx_hal_cortex.o
                0x080008bc                HAL_NVIC_SetPriorityGrouping
 .text.HAL_NVIC_SetPriority
                0x080008d2       0x38 ./Drivers/STM32F4xx_HAL_Driver/Src/stm32f4xx_hal_cortex.o
                0x080008d2                HAL_NVIC_SetPriority
 .text.HAL_SYSTICK_Config
                0x0800090a       0x18 ./Drivers/STM32F4xx_HAL_Driver/Src/stm32f4xx_hal_cortex.o
                0x0800090a                HAL_SYSTICK_Config
 *fill*         0x08000922        0x2 
 .text.HAL_GPIO_Init
                0x08000924      0x308 ./Drivers/STM32F4xx_HAL_Driver/Src/stm32f4xx_hal_gpio.o
                0x08000924                HAL_GPIO_Init
 .text.HAL_GPIO_WritePin
                0x08000c2c       0x32 ./Drivers/STM32F4xx_HAL_Driver/Src/stm32f4xx_hal_gpio.o
                0x08000c2c                HAL_GPIO_WritePin
 *fill*         0x08000c5e        0x2 
 .text.HAL_RCC_OscConfig
                0x08000c60      0x4f0 ./Drivers/STM32F4xx_HAL_Driver/Src/stm32f4xx_hal_rcc.o
                0x08000c60                HAL_RCC_OscConfig
 .text.HAL_RCC_ClockConfig
                0x08001150      0x1cc ./Drivers/STM32F4xx_HAL_Driver/Src/stm32f4xx_hal_rcc.o
                0x08001150                HAL_RCC_ClockConfig
 .text.HAL_RCC_GetSysClockFreq
                0x0800131c      0x18c ./Drivers/STM32F4xx_HAL_Driver/Src/stm32f4xx_hal_rcc.o
                0x0800131c                HAL_RCC_GetSysClockFreq
 .text.HAL_RCC_GetHCLKFreq
                0x080014a8       0x18 ./Drivers/STM32F4xx_HAL_Driver/Src/stm32f4xx_hal_rcc.o
                0x080014a8                HAL_RCC_GetHCLKFreq
 .text.HAL_RCC_GetPCLK1Freq
                0x080014c0       0x28 ./Drivers/STM32F4xx_HAL_Driver/Src/stm32f4xx_hal_rcc.o
                0x080014c0                HAL_RCC_GetPCLK1Freq
 .text.HAL_RCC_GetPCLK2Freq
                0x080014e8       0x28 ./Drivers/STM32F4xx_HAL_Driver/Src/stm32f4xx_hal_rcc.o
                0x080014e8                HAL_RCC_GetPCLK2Freq
 .text.HAL_UART_Init
                0x08001510       0xa0 ./Drivers/STM32F4xx_HAL_Driver/Src/stm32f4xx_hal_uart.o
                0x08001510                HAL_UART_Init
 .text.HAL_UART_Transmit
                0x080015b0      0x116 ./Drivers/STM32F4xx_HAL_Driver/Src/stm32f4xx_hal_uart.o
                0x080015b0                HAL_UART_Transmit
 .text.HAL_UART_Receive
                0x080016c6      0x12e ./Drivers/STM32F4xx_HAL_Driver/Src/stm32f4xx_hal_uart.o
                0x080016c6                HAL_UART_Receive
 .text.UART_WaitOnFlagUntilTimeout
                0x080017f4       0xb2 ./Drivers/STM32F4xx_HAL_Driver/Src/stm32f4xx_hal_uart.o
 .text.UART_EndRxTransfer
                0x080018a6       0xc6 ./Drivers/STM32F4xx_HAL_Driver/Src/stm32f4xx_hal_uart.o
 .text.UART_SetConfig
                0x0800196c      0x4e8 ./Drivers/STM32F4xx_HAL_Driver/Src/stm32f4xx_hal_uart.o
 .text.MX_GPIO_Init
                0x08001e54       0x64 ./Peripheral/gpio/gpio.o
                0x08001e54                MX_GPIO_Init
 .text.MX_USART1_UART_Init
                0x08001eb8       0x54 ./Peripheral/uart/usart.o
                0x08001eb8                MX_USART1_UART_Init
 .text.HAL_UART_MspInit
                0x08001f0c       0x90 ./Peripheral/uart/usart.o
                0x08001f0c                HAL_UART_MspInit
 .text.UART_Transmit
                0x08001f9c       0x28 ./Peripheral/uart/usart.o
                0x08001f9c                UART_Transmit
 .text.UART_Receive
                0x08001fc4       0x28 ./Peripheral/uart/usart.o
                0x08001fc4                UART_Receive
 .text.main     0x08001fec       0x60 ./main.o
                0x08001fec                main
 .text.SystemClock_Config
                0x0800204c       0xbc ./main.o
                0x0800204c                SystemClock_Config
 .text.Error_Handler
                0x08002108        0xc ./main.o
                0x08002108                Error_Handler
 .text.memset   0x08002114       0x10 C:/ST/STM32CubeIDE_1.18.0/STM32CubeIDE/plugins/com.st.stm32cube.ide.mcu.externaltools.gnu-tools-for-stm32.13.3.rel1.win32_1.0.0.202411081344/tools/bin/../lib/gcc/arm-none-eabi/13.3.1/../../../../arm-none-eabi/lib/thumb/v7e-m+fp/hard\libc_nano.a(libc_a-memset.o)
                0x08002114                memset
 .text.__libc_init_array
                0x08002124       0x48 C:/ST/STM32CubeIDE_1.18.0/STM32CubeIDE/plugins/com.st.stm32cube.ide.mcu.externaltools.gnu-tools-for-stm32.13.3.rel1.win32_1.0.0.202411081344/tools/bin/../lib/gcc/arm-none-eabi/13.3.1/../../../../arm-none-eabi/lib/thumb/v7e-m+fp/hard\libc_nano.a(libc_a-init.o)
                0x08002124                __libc_init_array
 *(.glue_7)
 .glue_7        0x0800216c        0x0 linker stubs
 *(.glue_7t)
 .glue_7t       0x0800216c        0x0 linker stubs
 *(.eh_frame)
 .eh_frame      0x0800216c        0x0 C:/ST/STM32CubeIDE_1.18.0/STM32CubeIDE/plugins/com.st.stm32cube.ide.mcu.externaltools.gnu-tools-for-stm32.13.3.rel1.win32_1.0.0.202411081344/tools/bin/../lib/gcc/arm-none-eabi/13.3.1/thumb/v7e-m+fp/hard/crtbegin.o
 *(.init)
 .init          0x0800216c        0x4 C:/ST/STM32CubeIDE_1.18.0/STM32CubeIDE/plugins/com.st.stm32cube.ide.mcu.externaltools.gnu-tools-for-stm32.13.3.rel1.win32_1.0.0.202411081344/tools/bin/../lib/gcc/arm-none-eabi/13.3.1/thumb/v7e-m+fp/hard/crti.o
                0x0800216c                _init
 .init          0x08002170        0x8 C:/ST/STM32CubeIDE_1.18.0/STM32CubeIDE/plugins/com.st.stm32cube.ide.mcu.externaltools.gnu-tools-for-stm32.13.3.rel1.win32_1.0.0.202411081344/tools/bin/../lib/gcc/arm-none-eabi/13.3.1/thumb/v7e-m+fp/hard/crtn.o
 *(.fini)
 .fini          0x08002178        0x4 C:/ST/STM32CubeIDE_1.18.0/STM32CubeIDE/plugins/com.st.stm32cube.ide.mcu.externaltools.gnu-tools-for-stm32.13.3.rel1.win32_1.0.0.202411081344/tools/bin/../lib/gcc/arm-none-eabi/13.3.1/thumb/v7e-m+fp/hard/crti.o
                0x08002178                _fini
 .fini          0x0800217c        0x8 C:/ST/STM32CubeIDE_1.18.0/STM32CubeIDE/plugins/com.st.stm32cube.ide.mcu.externaltools.gnu-tools-for-stm32.13.3.rel1.win32_1.0.0.202411081344/tools/bin/../lib/gcc/arm-none-eabi/13.3.1/thumb/v7e-m+fp/hard/crtn.o
                0x08002184                        . = ALIGN (0x4)
                0x08002184                        _etext = .

.vfp11_veneer   0x08002184        0x0
 .vfp11_veneer  0x08002184        0x0 linker stubs

.v4_bx          0x08002184        0x0
 .v4_bx         0x08002184        0x0 linker stubs

.iplt           0x08002184        0x0
 .iplt          0x08002184        0x0 C:/ST/STM32CubeIDE_1.18.0/STM32CubeIDE/plugins/com.st.stm32cube.ide.mcu.externaltools.gnu-tools-for-stm32.13.3.rel1.win32_1.0.0.202411081344/tools/bin/../lib/gcc/arm-none-eabi/13.3.1/thumb/v7e-m+fp/hard/crtbegin.o

.rodata         0x08002184       0x18
                0x08002184                        . = ALIGN (0x4)
 *(.rodata)
 *(.rodata*)
 .rodata.AHBPrescTable
                0x08002184       0x10 ./Core/Src/system_stm32f4xx.o
                0x08002184                AHBPrescTable
 .rodata.APBPrescTable
                0x08002194        0x8 ./Core/Src/system_stm32f4xx.o
                0x08002194                APBPrescTable
                0x0800219c                        . = ALIGN (0x4)

.ARM.extab      0x0800219c        0x0
                0x0800219c                        . = ALIGN (0x4)
 *(.ARM.extab* .gnu.linkonce.armextab.*)
                0x0800219c                        . = ALIGN (0x4)

.ARM            0x0800219c        0x8
                0x0800219c                        . = ALIGN (0x4)
                0x0800219c                        __exidx_start = .
 *(.ARM.exidx*)
 .ARM.exidx     0x0800219c        0x8 C:/ST/STM32CubeIDE_1.18.0/STM32CubeIDE/plugins/com.st.stm32cube.ide.mcu.externaltools.gnu-tools-for-stm32.13.3.rel1.win32_1.0.0.202411081344/tools/bin/../lib/gcc/arm-none-eabi/13.3.1/thumb/v7e-m+fp/hard\libgcc.a(_udivmoddi4.o)
                0x080021a4                        __exidx_end = .
                0x080021a4                        . = ALIGN (0x4)

.preinit_array  0x080021a4        0x0
                0x080021a4                        . = ALIGN (0x4)
                0x080021a4                        PROVIDE (__preinit_array_start = .)
 *(.preinit_array*)
                0x080021a4                        PROVIDE (__preinit_array_end = .)
                0x080021a4                        . = ALIGN (0x4)

.init_array     0x080021a4        0x4
                0x080021a4                        . = ALIGN (0x4)
                0x080021a4                        PROVIDE (__init_array_start = .)
 *(SORT_BY_NAME(.init_array.*))
 *(.init_array*)
 .init_array    0x080021a4        0x4 C:/ST/STM32CubeIDE_1.18.0/STM32CubeIDE/plugins/com.st.stm32cube.ide.mcu.externaltools.gnu-tools-for-stm32.13.3.rel1.win32_1.0.0.202411081344/tools/bin/../lib/gcc/arm-none-eabi/13.3.1/thumb/v7e-m+fp/hard/crtbegin.o
                0x080021a8                        PROVIDE (__init_array_end = .)
                0x080021a8                        . = ALIGN (0x4)

.fini_array     0x080021a8        0x4
                0x080021a8                        . = ALIGN (0x4)
                [!provide]                        PROVIDE (__fini_array_start = .)
 *(SORT_BY_NAME(.fini_array.*))
 *(.fini_array*)
 .fini_array    0x080021a8        0x4 C:/ST/STM32CubeIDE_1.18.0/STM32CubeIDE/plugins/com.st.stm32cube.ide.mcu.externaltools.gnu-tools-for-stm32.13.3.rel1.win32_1.0.0.202411081344/tools/bin/../lib/gcc/arm-none-eabi/13.3.1/thumb/v7e-m+fp/hard/crtbegin.o
                [!provide]                        PROVIDE (__fini_array_end = .)
                0x080021ac                        . = ALIGN (0x4)
                0x080021ac                        _sidata = LOADADDR (.data)

.rel.dyn        0x080021ac        0x0
 .rel.iplt      0x080021ac        0x0 C:/ST/STM32CubeIDE_1.18.0/STM32CubeIDE/plugins/com.st.stm32cube.ide.mcu.externaltools.gnu-tools-for-stm32.13.3.rel1.win32_1.0.0.202411081344/tools/bin/../lib/gcc/arm-none-eabi/13.3.1/thumb/v7e-m+fp/hard/crtbegin.o

.data           0x20000000        0xc load address 0x080021ac
                0x20000000                        . = ALIGN (0x4)
                0x20000000                        _sdata = .
 *(.data)
 *(.data*)
 .data.SystemCoreClock
                0x20000000        0x4 ./Core/Src/system_stm32f4xx.o
                0x20000000                SystemCoreClock
 .data.uwTickPrio
                0x20000004        0x4 ./Drivers/STM32F4xx_HAL_Driver/Src/stm32f4xx_hal.o
                0x20000004                uwTickPrio
 .data.uwTickFreq
                0x20000008        0x1 ./Drivers/STM32F4xx_HAL_Driver/Src/stm32f4xx_hal.o
                0x20000008                uwTickFreq
 *(.RamFunc)
 *(.RamFunc*)
                0x2000000c                        . = ALIGN (0x4)
 *fill*         0x20000009        0x3 
                0x2000000c                        _edata = .

.igot.plt       0x2000000c        0x0 load address 0x080021b8
 .igot.plt      0x2000000c        0x0 C:/ST/STM32CubeIDE_1.18.0/STM32CubeIDE/plugins/com.st.stm32cube.ide.mcu.externaltools.gnu-tools-for-stm32.13.3.rel1.win32_1.0.0.202411081344/tools/bin/../lib/gcc/arm-none-eabi/13.3.1/thumb/v7e-m+fp/hard/crtbegin.o
                0x2000000c                        . = ALIGN (0x4)

.bss            0x2000000c       0x68 load address 0x080021b8
                0x2000000c                        _sbss = .
                0x2000000c                        __bss_start__ = _sbss
 *(.bss)
 .bss           0x2000000c       0x1c C:/ST/STM32CubeIDE_1.18.0/STM32CubeIDE/plugins/com.st.stm32cube.ide.mcu.externaltools.gnu-tools-for-stm32.13.3.rel1.win32_1.0.0.202411081344/tools/bin/../lib/gcc/arm-none-eabi/13.3.1/thumb/v7e-m+fp/hard/crtbegin.o
 *(.bss*)
 .bss.uwTick    0x20000028        0x4 ./Drivers/STM32F4xx_HAL_Driver/Src/stm32f4xx_hal.o
                0x20000028                uwTick
 .bss.huart1    0x2000002c       0x48 ./Peripheral/uart/usart.o
                0x2000002c                huart1
 *(COMMON)
                0x20000074                        . = ALIGN (0x4)
                0x20000074                        _ebss = .
                0x20000074                        __bss_end__ = _ebss

._user_heap_stack
                0x20000074      0x604 load address 0x080021b8
                0x20000078                        . = ALIGN (0x8)
 *fill*         0x20000074        0x4 
                [!provide]                        PROVIDE (end = .)
                0x20000078                        PROVIDE (_end = .)
                0x20000278                        . = (. + _Min_Heap_Size)
 *fill*         0x20000078      0x200 
                0x20000678                        . = (. + _Min_Stack_Size)
 *fill*         0x20000278      0x400 
                0x20000678                        . = ALIGN (0x8)

/DISCARD/
 libc.a(*)
 libm.a(*)
 libgcc.a(*)

.ARM.attributes
                0x00000000       0x30
 *(.ARM.attributes)
 .ARM.attributes
                0x00000000       0x22 C:/ST/STM32CubeIDE_1.18.0/STM32CubeIDE/plugins/com.st.stm32cube.ide.mcu.externaltools.gnu-tools-for-stm32.13.3.rel1.win32_1.0.0.202411081344/tools/bin/../lib/gcc/arm-none-eabi/13.3.1/thumb/v7e-m+fp/hard/crti.o
 .ARM.attributes
                0x00000022       0x34 C:/ST/STM32CubeIDE_1.18.0/STM32CubeIDE/plugins/com.st.stm32cube.ide.mcu.externaltools.gnu-tools-for-stm32.13.3.rel1.win32_1.0.0.202411081344/tools/bin/../lib/gcc/arm-none-eabi/13.3.1/thumb/v7e-m+fp/hard/crtbegin.o
 .ARM.attributes
                0x00000056       0x34 ./Core/Src/stm32f4xx_hal_msp.o
 .ARM.attributes
                0x0000008a       0x34 ./Core/Src/stm32f4xx_it.o
 .ARM.attributes
                0x000000be       0x34 ./Core/Src/system_stm32f4xx.o
 .ARM.attributes
                0x000000f2       0x21 ./Core/Startup/startup_stm32f411retx.o
 .ARM.attributes
                0x00000113       0x34 ./Drivers/STM32F4xx_HAL_Driver/Src/stm32f4xx_hal.o
 .ARM.attributes
                0x00000147       0x34 ./Drivers/STM32F4xx_HAL_Driver/Src/stm32f4xx_hal_cortex.o
 .ARM.attributes
                0x0000017b       0x34 ./Drivers/STM32F4xx_HAL_Driver/Src/stm32f4xx_hal_gpio.o
 .ARM.attributes
                0x000001af       0x34 ./Drivers/STM32F4xx_HAL_Driver/Src/stm32f4xx_hal_rcc.o
 .ARM.attributes
                0x000001e3       0x34 ./Drivers/STM32F4xx_HAL_Driver/Src/stm32f4xx_hal_uart.o
 .ARM.attributes
                0x00000217       0x34 ./Peripheral/gpio/gpio.o
 .ARM.attributes
                0x0000024b       0x34 ./Peripheral/uart/usart.o
 .ARM.attributes
                0x0000027f       0x34 ./main.o
 .ARM.attributes
                0x000002b3       0x34 C:/ST/STM32CubeIDE_1.18.0/STM32CubeIDE/plugins/com.st.stm32cube.ide.mcu.externaltools.gnu-tools-for-stm32.13.3.rel1.win32_1.0.0.202411081344/tools/bin/../lib/gcc/arm-none-eabi/13.3.1/../../../../arm-none-eabi/lib/thumb/v7e-m+fp/hard\libc_nano.a(libc_a-memset.o)
 .ARM.attributes
                0x000002e7       0x34 C:/ST/STM32CubeIDE_1.18.0/STM32CubeIDE/plugins/com.st.stm32cube.ide.mcu.externaltools.gnu-tools-for-stm32.13.3.rel1.win32_1.0.0.202411081344/tools/bin/../lib/gcc/arm-none-eabi/13.3.1/../../../../arm-none-eabi/lib/thumb/v7e-m+fp/hard\libc_nano.a(libc_a-init.o)
 .ARM.attributes
                0x0000031b       0x22 C:/ST/STM32CubeIDE_1.18.0/STM32CubeIDE/plugins/com.st.stm32cube.ide.mcu.externaltools.gnu-tools-for-stm32.13.3.rel1.win32_1.0.0.202411081344/tools/bin/../lib/gcc/arm-none-eabi/13.3.1/thumb/v7e-m+fp/hard\libgcc.a(_aeabi_uldivmod.o)
 .ARM.attributes
                0x0000033d       0x34 C:/ST/STM32CubeIDE_1.18.0/STM32CubeIDE/plugins/com.st.stm32cube.ide.mcu.externaltools.gnu-tools-for-stm32.13.3.rel1.win32_1.0.0.202411081344/tools/bin/../lib/gcc/arm-none-eabi/13.3.1/thumb/v7e-m+fp/hard\libgcc.a(_udivmoddi4.o)
 .ARM.attributes
                0x00000371       0x22 C:/ST/STM32CubeIDE_1.18.0/STM32CubeIDE/plugins/com.st.stm32cube.ide.mcu.externaltools.gnu-tools-for-stm32.13.3.rel1.win32_1.0.0.202411081344/tools/bin/../lib/gcc/arm-none-eabi/13.3.1/thumb/v7e-m+fp/hard\libgcc.a(_dvmd_tls.o)
 .ARM.attributes
                0x00000393       0x22 C:/ST/STM32CubeIDE_1.18.0/STM32CubeIDE/plugins/com.st.stm32cube.ide.mcu.externaltools.gnu-tools-for-stm32.13.3.rel1.win32_1.0.0.202411081344/tools/bin/../lib/gcc/arm-none-eabi/13.3.1/thumb/v7e-m+fp/hard/crtn.o
OUTPUT(Bootloader.elf elf32-littlearm)
LOAD linker stubs
LOAD C:/ST/STM32CubeIDE_1.18.0/STM32CubeIDE/plugins/com.st.stm32cube.ide.mcu.externaltools.gnu-tools-for-stm32.13.3.rel1.win32_1.0.0.202411081344/tools/bin/../lib/gcc/arm-none-eabi/13.3.1/../../../../arm-none-eabi/lib/thumb/v7e-m+fp/hard\libc.a
LOAD C:/ST/STM32CubeIDE_1.18.0/STM32CubeIDE/plugins/com.st.stm32cube.ide.mcu.externaltools.gnu-tools-for-stm32.13.3.rel1.win32_1.0.0.202411081344/tools/bin/../lib/gcc/arm-none-eabi/13.3.1/../../../../arm-none-eabi/lib/thumb/v7e-m+fp/hard\libm.a
LOAD C:/ST/STM32CubeIDE_1.18.0/STM32CubeIDE/plugins/com.st.stm32cube.ide.mcu.externaltools.gnu-tools-for-stm32.13.3.rel1.win32_1.0.0.202411081344/tools/bin/../lib/gcc/arm-none-eabi/13.3.1/thumb/v7e-m+fp/hard\libgcc.a

.debug_info     0x00000000     0x7219
 .debug_info    0x00000000      0x291 ./Core/Src/stm32f4xx_hal_msp.o
 .debug_info    0x00000291      0x112 ./Core/Src/stm32f4xx_it.o
 .debug_info    0x000003a3      0x53e ./Core/Src/system_stm32f4xx.o
 .debug_info    0x000008e1       0x30 ./Core/Startup/startup_stm32f411retx.o
 .debug_info    0x00000911      0x8c4 ./Drivers/STM32F4xx_HAL_Driver/Src/stm32f4xx_hal.o
 .debug_info    0x000011d5      0xcfc ./Drivers/STM32F4xx_HAL_Driver/Src/stm32f4xx_hal_cortex.o
 .debug_info    0x00001ed1      0x6f9 ./Drivers/STM32F4xx_HAL_Driver/Src/stm32f4xx_hal_gpio.o
 .debug_info    0x000025ca      0x8f0 ./Drivers/STM32F4xx_HAL_Driver/Src/stm32f4xx_hal_rcc.o
 .debug_info    0x00002eba     0x2f56 ./Drivers/STM32F4xx_HAL_Driver/Src/stm32f4xx_hal_uart.o
 .debug_info    0x00005e10      0x3df ./Peripheral/gpio/gpio.o
 .debug_info    0x000061ef      0x9f7 ./Peripheral/uart/usart.o
 .debug_info    0x00006be6      0x633 ./main.o

.debug_abbrev   0x00000000     0x14d6
 .debug_abbrev  0x00000000       0xd8 ./Core/Src/stm32f4xx_hal_msp.o
 .debug_abbrev  0x000000d8       0x73 ./Core/Src/stm32f4xx_it.o
 .debug_abbrev  0x0000014b      0x11a ./Core/Src/system_stm32f4xx.o
 .debug_abbrev  0x00000265       0x24 ./Core/Startup/startup_stm32f411retx.o
 .debug_abbrev  0x00000289      0x24b ./Drivers/STM32F4xx_HAL_Driver/Src/stm32f4xx_hal.o
 .debug_abbrev  0x000004d4      0x31d ./Drivers/STM32F4xx_HAL_Driver/Src/stm32f4xx_hal_cortex.o
 .debug_abbrev  0x000007f1      0x1d3 ./Drivers/STM32F4xx_HAL_Driver/Src/stm32f4xx_hal_gpio.o
 .debug_abbrev  0x000009c4      0x2b6 ./Drivers/STM32F4xx_HAL_Driver/Src/stm32f4xx_hal_rcc.o
 .debug_abbrev  0x00000c7a      0x31b ./Drivers/STM32F4xx_HAL_Driver/Src/stm32f4xx_hal_uart.o
 .debug_abbrev  0x00000f95      0x146 ./Peripheral/gpio/gpio.o
 .debug_abbrev  0x000010db      0x20b ./Peripheral/uart/usart.o
 .debug_abbrev  0x000012e6      0x1f0 ./main.o

.debug_aranges  0x00000000      0x668
 .debug_aranges
                0x00000000       0x20 ./Core/Src/stm32f4xx_hal_msp.o
 .debug_aranges
                0x00000020       0x60 ./Core/Src/stm32f4xx_it.o
 .debug_aranges
                0x00000080       0x28 ./Core/Src/system_stm32f4xx.o
 .debug_aranges
                0x000000a8       0x28 ./Core/Startup/startup_stm32f411retx.o
 .debug_aranges
                0x000000d0       0xf0 ./Drivers/STM32F4xx_HAL_Driver/Src/stm32f4xx_hal.o
 .debug_aranges
                0x000001c0      0x130 ./Drivers/STM32F4xx_HAL_Driver/Src/stm32f4xx_hal_cortex.o
 .debug_aranges
                0x000002f0       0x58 ./Drivers/STM32F4xx_HAL_Driver/Src/stm32f4xx_hal_gpio.o
 .debug_aranges
                0x00000348       0x88 ./Drivers/STM32F4xx_HAL_Driver/Src/stm32f4xx_hal_rcc.o
 .debug_aranges
                0x000003d0      0x208 ./Drivers/STM32F4xx_HAL_Driver/Src/stm32f4xx_hal_uart.o
 .debug_aranges
                0x000005d8       0x20 ./Peripheral/gpio/gpio.o
 .debug_aranges
                0x000005f8       0x40 ./Peripheral/uart/usart.o
 .debug_aranges
                0x00000638       0x30 ./main.o

.debug_rnglists
                0x00000000      0x4d8
 .debug_rnglists
                0x00000000       0x13 ./Core/Src/stm32f4xx_hal_msp.o
 .debug_rnglists
                0x00000013       0x43 ./Core/Src/stm32f4xx_it.o
 .debug_rnglists
                0x00000056       0x1a ./Core/Src/system_stm32f4xx.o
 .debug_rnglists
                0x00000070       0x19 ./Core/Startup/startup_stm32f411retx.o
 .debug_rnglists
                0x00000089       0xaf ./Drivers/STM32F4xx_HAL_Driver/Src/stm32f4xx_hal.o
 .debug_rnglists
                0x00000138       0xe0 ./Drivers/STM32F4xx_HAL_Driver/Src/stm32f4xx_hal_cortex.o
 .debug_rnglists
                0x00000218       0x3f ./Drivers/STM32F4xx_HAL_Driver/Src/stm32f4xx_hal_gpio.o
 .debug_rnglists
                0x00000257       0x66 ./Drivers/STM32F4xx_HAL_Driver/Src/stm32f4xx_hal_rcc.o
 .debug_rnglists
                0x000002bd      0x1bc ./Drivers/STM32F4xx_HAL_Driver/Src/stm32f4xx_hal_uart.o
 .debug_rnglists
                0x00000479       0x13 ./Peripheral/gpio/gpio.o
 .debug_rnglists
                0x0000048c       0x2c ./Peripheral/uart/usart.o
 .debug_rnglists
                0x000004b8       0x20 ./main.o

.debug_macro    0x00000000    0x14c0a
 .debug_macro   0x00000000      0x1c4 ./Core/Src/stm32f4xx_hal_msp.o
 .debug_macro   0x000001c4      0xad8 ./Core/Src/stm32f4xx_hal_msp.o
 .debug_macro   0x00000c9c      0x295 ./Core/Src/stm32f4xx_hal_msp.o
 .debug_macro   0x00000f31       0x2e ./Core/Src/stm32f4xx_hal_msp.o
 .debug_macro   0x00000f5f       0x28 ./Core/Src/stm32f4xx_hal_msp.o
 .debug_macro   0x00000f87       0x22 ./Core/Src/stm32f4xx_hal_msp.o
 .debug_macro   0x00000fa9       0x8e ./Core/Src/stm32f4xx_hal_msp.o
 .debug_macro   0x00001037       0x51 ./Core/Src/stm32f4xx_hal_msp.o
 .debug_macro   0x00001088      0x103 ./Core/Src/stm32f4xx_hal_msp.o
 .debug_macro   0x0000118b       0x6a ./Core/Src/stm32f4xx_hal_msp.o
 .debug_macro   0x000011f5      0x1df ./Core/Src/stm32f4xx_hal_msp.o
 .debug_macro   0x000013d4       0x1c ./Core/Src/stm32f4xx_hal_msp.o
 .debug_macro   0x000013f0       0x22 ./Core/Src/stm32f4xx_hal_msp.o
 .debug_macro   0x00001412       0xfb ./Core/Src/stm32f4xx_hal_msp.o
 .debug_macro   0x0000150d     0x1011 ./Core/Src/stm32f4xx_hal_msp.o
 .debug_macro   0x0000251e      0x11f ./Core/Src/stm32f4xx_hal_msp.o
 .debug_macro   0x0000263d     0xb953 ./Core/Src/stm32f4xx_hal_msp.o
 .debug_macro   0x0000df90       0x6d ./Core/Src/stm32f4xx_hal_msp.o
 .debug_macro   0x0000dffd     0x369a ./Core/Src/stm32f4xx_hal_msp.o
 .debug_macro   0x00011697      0x190 ./Core/Src/stm32f4xx_hal_msp.o
 .debug_macro   0x00011827       0x5c ./Core/Src/stm32f4xx_hal_msp.o
 .debug_macro   0x00011883      0x45c ./Core/Src/stm32f4xx_hal_msp.o
 .debug_macro   0x00011cdf      0x9e9 ./Core/Src/stm32f4xx_hal_msp.o
 .debug_macro   0x000126c8      0x115 ./Core/Src/stm32f4xx_hal_msp.o
 .debug_macro   0x000127dd      0x11b ./Core/Src/stm32f4xx_hal_msp.o
 .debug_macro   0x000128f8       0xa5 ./Core/Src/stm32f4xx_hal_msp.o
 .debug_macro   0x0001299d      0x15f ./Core/Src/stm32f4xx_hal_msp.o
 .debug_macro   0x00012afc      0x287 ./Core/Src/stm32f4xx_hal_msp.o
 .debug_macro   0x00012d83       0x5f ./Core/Src/stm32f4xx_hal_msp.o
 .debug_macro   0x00012de2      0x236 ./Core/Src/stm32f4xx_hal_msp.o
 .debug_macro   0x00013018      0x132 ./Core/Src/stm32f4xx_hal_msp.o
 .debug_macro   0x0001314a      0x264 ./Core/Src/stm32f4xx_hal_msp.o
 .debug_macro   0x000133ae       0x2e ./Core/Src/stm32f4xx_hal_msp.o
 .debug_macro   0x000133dc      0x127 ./Core/Src/stm32f4xx_hal_msp.o
 .debug_macro   0x00013503       0x85 ./Core/Src/stm32f4xx_hal_msp.o
 .debug_macro   0x00013588       0x89 ./Core/Src/stm32f4xx_hal_msp.o
 .debug_macro   0x00013611      0x2aa ./Core/Src/stm32f4xx_hal_msp.o
 .debug_macro   0x000138bb      0x126 ./Core/Src/stm32f4xx_hal_msp.o
 .debug_macro   0x000139e1      0x1ce ./Core/Src/stm32f4xx_it.o
 .debug_macro   0x00013baf      0x1ba ./Core/Src/system_stm32f4xx.o
 .debug_macro   0x00013d69      0x21a ./Drivers/STM32F4xx_HAL_Driver/Src/stm32f4xx_hal.o
 .debug_macro   0x00013f83      0x1ba ./Drivers/STM32F4xx_HAL_Driver/Src/stm32f4xx_hal_cortex.o
 .debug_macro   0x0001413d      0x1c0 ./Drivers/STM32F4xx_HAL_Driver/Src/stm32f4xx_hal_gpio.o
 .debug_macro   0x000142fd      0x1de ./Drivers/STM32F4xx_HAL_Driver/Src/stm32f4xx_hal_rcc.o
 .debug_macro   0x000144db      0x1bb ./Drivers/STM32F4xx_HAL_Driver/Src/stm32f4xx_hal_uart.o
 .debug_macro   0x00014696      0x1ce ./Peripheral/gpio/gpio.o
 .debug_macro   0x00014864      0x1ce ./Peripheral/uart/usart.o
 .debug_macro   0x00014a32      0x1d8 ./main.o

.debug_line     0x00000000     0x82d0
 .debug_line    0x00000000      0x715 ./Core/Src/stm32f4xx_hal_msp.o
 .debug_line    0x00000715      0x7c4 ./Core/Src/stm32f4xx_it.o
 .debug_line    0x00000ed9      0x79a ./Core/Src/system_stm32f4xx.o
 .debug_line    0x00001673       0x7a ./Core/Startup/startup_stm32f411retx.o
 .debug_line    0x000016ed      0xa07 ./Drivers/STM32F4xx_HAL_Driver/Src/stm32f4xx_hal.o
 .debug_line    0x000020f4      0xcd7 ./Drivers/STM32F4xx_HAL_Driver/Src/stm32f4xx_hal_cortex.o
 .debug_line    0x00002dcb      0xb23 ./Drivers/STM32F4xx_HAL_Driver/Src/stm32f4xx_hal_gpio.o
 .debug_line    0x000038ee      0xe14 ./Drivers/STM32F4xx_HAL_Driver/Src/stm32f4xx_hal_rcc.o
 .debug_line    0x00004702     0x2516 ./Drivers/STM32F4xx_HAL_Driver/Src/stm32f4xx_hal_uart.o
 .debug_line    0x00006c18      0x729 ./Peripheral/gpio/gpio.o
 .debug_line    0x00007341      0x7b7 ./Peripheral/uart/usart.o
 .debug_line    0x00007af8      0x7d8 ./main.o

.debug_str      0x00000000    0x81d98
 .debug_str     0x00000000    0x81d98 ./Core/Src/stm32f4xx_hal_msp.o
                              0x7ffb8 (size before relaxing)
 .debug_str     0x00081d98    0x7ff2c ./Core/Src/stm32f4xx_it.o
 .debug_str     0x00081d98    0x80068 ./Core/Src/system_stm32f4xx.o
 .debug_str     0x00081d98       0x63 ./Core/Startup/startup_stm32f411retx.o
 .debug_str     0x00081d98    0x80a94 ./Drivers/STM32F4xx_HAL_Driver/Src/stm32f4xx_hal.o
 .debug_str     0x00081d98    0x807fe ./Drivers/STM32F4xx_HAL_Driver/Src/stm32f4xx_hal_cortex.o
 .debug_str     0x00081d98    0x801e3 ./Drivers/STM32F4xx_HAL_Driver/Src/stm32f4xx_hal_gpio.o
 .debug_str     0x00081d98    0x8049c ./Drivers/STM32F4xx_HAL_Driver/Src/stm32f4xx_hal_rcc.o
 .debug_str     0x00081d98    0x80a6b ./Drivers/STM32F4xx_HAL_Driver/Src/stm32f4xx_hal_uart.o
 .debug_str     0x00081d98    0x8008a ./Peripheral/gpio/gpio.o
 .debug_str     0x00081d98    0x80592 ./Peripheral/uart/usart.o
 .debug_str     0x00081d98    0x80243 ./main.o

.comment        0x00000000       0x43
 .comment       0x00000000       0x43 ./Core/Src/stm32f4xx_hal_msp.o
                                 0x44 (size before relaxing)
 .comment       0x00000043       0x44 ./Core/Src/stm32f4xx_it.o
 .comment       0x00000043       0x44 ./Core/Src/system_stm32f4xx.o
 .comment       0x00000043       0x44 ./Drivers/STM32F4xx_HAL_Driver/Src/stm32f4xx_hal.o
 .comment       0x00000043       0x44 ./Drivers/STM32F4xx_HAL_Driver/Src/stm32f4xx_hal_cortex.o
 .comment       0x00000043       0x44 ./Drivers/STM32F4xx_HAL_Driver/Src/stm32f4xx_hal_gpio.o
 .comment       0x00000043       0x44 ./Drivers/STM32F4xx_HAL_Driver/Src/stm32f4xx_hal_rcc.o
 .comment       0x00000043       0x44 ./Drivers/STM32F4xx_HAL_Driver/Src/stm32f4xx_hal_uart.o
 .comment       0x00000043       0x44 ./Peripheral/gpio/gpio.o
 .comment       0x00000043       0x44 ./Peripheral/uart/usart.o
 .comment       0x00000043       0x44 ./main.o

.debug_frame    0x00000000     0x18ac
 .debug_frame   0x00000000       0x38 ./Core/Src/stm32f4xx_hal_msp.o
 .debug_frame   0x00000038      0x104 ./Core/Src/stm32f4xx_it.o
 .debug_frame   0x0000013c       0x58 ./Core/Src/system_stm32f4xx.o
 .debug_frame   0x00000194      0x374 ./Drivers/STM32F4xx_HAL_Driver/Src/stm32f4xx_hal.o
 .debug_frame   0x00000508      0x508 ./Drivers/STM32F4xx_HAL_Driver/Src/stm32f4xx_hal_cortex.o
 .debug_frame   0x00000a10      0x14c ./Drivers/STM32F4xx_HAL_Driver/Src/stm32f4xx_hal_gpio.o
 .debug_frame   0x00000b5c      0x1f4 ./Drivers/STM32F4xx_HAL_Driver/Src/stm32f4xx_hal_rcc.o
 .debug_frame   0x00000d50      0x954 ./Drivers/STM32F4xx_HAL_Driver/Src/stm32f4xx_hal_uart.o
 .debug_frame   0x000016a4       0x34 ./Peripheral/gpio/gpio.o
 .debug_frame   0x000016d8       0xbc ./Peripheral/uart/usart.o
 .debug_frame   0x00001794       0x6c ./main.o
 .debug_frame   0x00001800       0x20 C:/ST/STM32CubeIDE_1.18.0/STM32CubeIDE/plugins/com.st.stm32cube.ide.mcu.externaltools.gnu-tools-for-stm32.13.3.rel1.win32_1.0.0.202411081344/tools/bin/../lib/gcc/arm-none-eabi/13.3.1/../../../../arm-none-eabi/lib/thumb/v7e-m+fp/hard\libc_nano.a(libc_a-memset.o)
 .debug_frame   0x00001820       0x2c C:/ST/STM32CubeIDE_1.18.0/STM32CubeIDE/plugins/com.st.stm32cube.ide.mcu.externaltools.gnu-tools-for-stm32.13.3.rel1.win32_1.0.0.202411081344/tools/bin/../lib/gcc/arm-none-eabi/13.3.1/../../../../arm-none-eabi/lib/thumb/v7e-m+fp/hard\libc_nano.a(libc_a-init.o)
 .debug_frame   0x0000184c       0x2c C:/ST/STM32CubeIDE_1.18.0/STM32CubeIDE/plugins/com.st.stm32cube.ide.mcu.externaltools.gnu-tools-for-stm32.13.3.rel1.win32_1.0.0.202411081344/tools/bin/../lib/gcc/arm-none-eabi/13.3.1/thumb/v7e-m+fp/hard\libgcc.a(_aeabi_uldivmod.o)
 .debug_frame   0x00001878       0x34 C:/ST/STM32CubeIDE_1.18.0/STM32CubeIDE/plugins/com.st.stm32cube.ide.mcu.externaltools.gnu-tools-for-stm32.13.3.rel1.win32_1.0.0.202411081344/tools/bin/../lib/gcc/arm-none-eabi/13.3.1/thumb/v7e-m+fp/hard\libgcc.a(_udivmoddi4.o)

.debug_line_str
                0x00000000       0x47
 .debug_line_str
                0x00000000       0x47 ./Core/Startup/startup_stm32f411retx.o
